// Jest Snapshot v1, https://goo.gl/fbAQLP

exports[`<App /> renders correctly 1`] = `
<View
  style={
    [
      {
        "flexBasis": "0%",
        "flexGrow": 1,
        "flexShrink": 1,
      },
      {
        "backgroundColor": "#fff",
      },
    ]
  }
>
  <RNCSafeAreaProvider
    onInsetsChange={[Function]}
    style={
      [
        {
          "flex": 1,
        },
        undefined,
      ]
    }
  >
    <View
      style={
        [
          {
            "backgroundColor": "rgb(242, 242, 242)",
            "flex": 1,
          },
          undefined,
        ]
      }
    >
      <RNSScreenContainer
        onLayout={[Function]}
        style={
          {
            "flex": 1,
          }
        }
      >
        <RNSScreen
          activityState={2}
          collapsable={false}
          gestureResponseDistance={
            {
              "bottom": -1,
              "end": -1,
              "start": -1,
              "top": -1,
            }
          }
          onGestureCancel={[Function]}
          pointerEvents="box-none"
          sheetAllowedDetents="large"
          sheetCornerRadius={-1}
          sheetExpandsWhenScrolledToEdge={true}
          sheetGrabberVisible={false}
          sheetLargestUndimmedDetent="all"
          style={
            {
              "bottom": 0,
              "left": 0,
              "position": "absolute",
              "right": 0,
              "top": 0,
            }
          }
        >
          <View
            collapsable={false}
            style={
              {
                "opacity": 1,
              }
            }
          />
          <View
            accessibilityElementsHidden={false}
            closing={false}
            collapsable={false}
            gestureVelocityImpact={0.3}
            importantForAccessibility="auto"
            onClose={[Function]}
            onGestureBegin={[Function]}
            onGestureCanceled={[Function]}
            onGestureEnd={[Function]}
            onOpen={[Function]}
            onTransition={[Function]}
            pointerEvents="box-none"
            style={
              [
                {
                  "display": "flex",
                  "overflow": undefined,
                },
                {
                  "bottom": 0,
                  "left": 0,
                  "position": "absolute",
                  "right": 0,
                  "top": 0,
                },
              ]
            }
            transitionSpec={
              {
                "close": {
                  "animation": "spring",
                  "config": {
                    "damping": 500,
                    "mass": 3,
                    "overshootClamping": true,
                    "restDisplacementThreshold": 10,
                    "restSpeedThreshold": 10,
                    "stiffness": 1000,
                  },
                },
                "open": {
                  "animation": "spring",
                  "config": {
                    "damping": 500,
                    "mass": 3,
                    "overshootClamping": true,
                    "restDisplacementThreshold": 10,
                    "restSpeedThreshold": 10,
                    "stiffness": 1000,
                  },
                },
              }
            }
          >
            <View
              collapsable={false}
              pointerEvents="box-none"
              style={
                {
                  "flex": 1,
                  "marginTop": 0,
                }
              }
            >
              <View
                collapsable={false}
                handlerTag={2}
                handlerType="PanGestureHandler"
                needsOffscreenAlphaCompositing={false}
                onGestureHandlerEvent={[Function]}
                onGestureHandlerStateChange={[Function]}
                style={
                  {
                    "flex": 1,
                    "transform": [
                      {
                        "translateX": 0,
                      },
                      {
                        "translateX": 0,
                      },
                    ],
                  }
                }
              >
                <View
                  pointerEvents="box-none"
                  style={
                    [
                      {
                        "flex": 1,
                        "overflow": "hidden",
                      },
                      [
                        {
                          "backgroundColor": "rgb(242, 242, 242)",
                        },
                        undefined,
                      ],
                    ]
                  }
                >
                  <View
                    style={
                      {
                        "flex": 1,
                        "flexDirection": "column-reverse",
                      }
                    }
                  >
                    <View
                      style={
                        {
                          "flex": 1,
                        }
                      }
                    >
                      <RCTSafeAreaView
                        style={
                          [
                            {
                              "flexBasis": "0%",
                              "flexGrow": 1,
                              "flexShrink": 1,
                            },
                            {
                              "backgroundColor": "#023535",
                            },
                          ]
                        }
                      >
                        <RCTImageView
                          accessibilityState={
                            {
                              "busy": undefined,
                              "checked": undefined,
                              "disabled": undefined,
                              "expanded": undefined,
                              "selected": undefined,
                            }
                          }
                          internal_analyticTag={null}
                          resizeMode="contain"
                          source={
                            [
                              {
                                "__packager_asset": true,
                                "height": 1,
                                "scale": 1,
                                "uri": "file://assets/full/path/to/directory/name.type",
                                "width": 1,
                              },
                            ]
                          }
                          style={
                            {
                              "height": 400,
                              "overflow": "hidden",
                              "position": "absolute",
                              "right": -110,
                              "top": -50,
                              "width": 300,
                            }
                          }
                        />
                        <RCTImageView
                          accessibilityState={
                            {
                              "busy": undefined,
                              "checked": undefined,
                              "disabled": undefined,
                              "expanded": undefined,
                              "selected": undefined,
                            }
                          }
                          internal_analyticTag={null}
                          resizeMode="contain"
                          source={
                            [
                              {
                                "__packager_asset": true,
                                "height": 1,
                                "scale": 1,
                                "uri": "file://assets/full/path/to/directory/name.type",
                                "width": 1,
                              },
                            ]
                          }
                          style={
                            {
                              "height": 400,
                              "left": -130,
                              "overflow": "hidden",
                              "position": "absolute",
                              "top": "25%",
                              "width": 300,
                            }
                          }
                        />
                        <RCTImageView
                          accessibilityState={
                            {
                              "busy": undefined,
                              "checked": undefined,
                              "disabled": undefined,
                              "expanded": undefined,
                              "selected": undefined,
                            }
                          }
                          internal_analyticTag={null}
                          resizeMode="contain"
                          source={
                            [
                              {
                                "__packager_asset": true,
                                "height": 1,
                                "scale": 1,
                                "uri": "file://assets/full/path/to/directory/name.type",
                                "width": 1,
                              },
                            ]
                          }
                          style={
                            {
                              "bottom": -80,
                              "height": 400,
                              "overflow": "hidden",
                              "position": "absolute",
                              "right": -100,
                              "width": 500,
                            }
                          }
                        />
                        <View
                          style={
                            [
                              {
                                "flexBasis": "0%",
                                "flexGrow": 1,
                                "flexShrink": 1,
                              },
                              {
                                "display": "flex",
                              },
                              {
                                "justifyContent": "center",
                              },
                              {
                                "alignItems": "center",
                              },
                              {
                                "marginTop": -40,
                              },
                            ]
                          }
                        >
                          <Text
                            style={
                              [
                                {
                                  "color": "#fff",
                                },
                                {
                                  "fontWeight": "700",
                                },
                                {
                                  "fontSize": 36,
                                  "lineHeight": 40,
                                },
                                {
                                  "textAlign": "center",
                                },
                                [
                                  {
                                    "marginTop": 40,
                                  },
                                ],
                              ]
                            }
                          >
                            Let's Get Started!
                          </Text>
                          <RCTImageView
                            accessibilityState={
                              {
                                "busy": undefined,
                                "checked": undefined,
                                "disabled": undefined,
                                "expanded": undefined,
                                "selected": undefined,
                              }
                            }
                            internal_analyticTag={null}
                            resizeMode="cover"
                            source={
                              [
                                {
                                  "__packager_asset": true,
                                  "height": 1,
                                  "scale": 1,
                                  "uri": "file://assets/full/path/to/directory/name.type",
                                  "width": 1,
                                },
                              ]
                            }
                            style={
                              {
                                "height": 300,
                                "marginTop": 40,
                                "overflow": "hidden",
                                "width": 300,
                              }
                            }
                          />
                          <View
                            style={
                              [
                                [
                                  {
                                    "marginTop": 40,
                                  },
                                ],
                              ]
                            }
                          >
                            <View
                              accessibilityState={
                                {
                                  "busy": undefined,
                                  "checked": undefined,
                                  "disabled": undefined,
                                  "expanded": undefined,
                                  "selected": undefined,
                                }
                              }
                              accessibilityValue={
                                {
                                  "max": undefined,
                                  "min": undefined,
                                  "now": undefined,
                                  "text": undefined,
                                }
                              }
                              accessible={true}
                              collapsable={false}
                              focusable={true}
                              onClick={[Function]}
                              onResponderGrant={[Function]}
                              onResponderMove={[Function]}
                              onResponderRelease={[Function]}
                              onResponderTerminate={[Function]}
                              onResponderTerminationRequest={[Function]}
                              onStartShouldSetResponder={[Function]}
                              style={
                                {
                                  "backgroundColor": "#fff",
                                  "borderBottomLeftRadius": 16,
                                  "borderBottomRightRadius": 16,
                                  "borderTopLeftRadius": 16,
                                  "borderTopRightRadius": 16,
                                  "opacity": 1,
                                  "paddingBottom": 12,
                                  "paddingTop": 12,
                                  "width": 300,
                                }
                              }
                            >
                              <Text
                                style={
                                  [
                                    {
                                      "fontSize": 20,
                                      "lineHeight": 28,
                                    },
                                    {
                                      "fontWeight": "700",
                                    },
                                    {
                                      "textAlign": "center",
                                    },
                                    {
                                      "color": "#023535",
                                    },
                                  ]
                                }
                              >
                                Sign Up
                              </Text>
                            </View>
                            <View
                              style={
                                [
                                  {
                                    "flexDirection": "row",
                                  },
                                  {
                                    "justifyContent": "center",
                                  },
                                  [
                                    {
                                      "marginTop": 16,
                                    },
                                  ],
                                ]
                              }
                            >
                              <Text
                                style={
                                  [
                                    {
                                      "color": "#fff",
                                    },
                                  ]
                                }
                              >
                                Already have an account?
                              </Text>
                              <View
                                accessibilityState={
                                  {
                                    "busy": undefined,
                                    "checked": undefined,
                                    "disabled": undefined,
                                    "expanded": undefined,
                                    "selected": undefined,
                                  }
                                }
                                accessibilityValue={
                                  {
                                    "max": undefined,
                                    "min": undefined,
                                    "now": undefined,
                                    "text": undefined,
                                  }
                                }
                                accessible={true}
                                collapsable={false}
                                focusable={true}
                                onClick={[Function]}
                                onResponderGrant={[Function]}
                                onResponderMove={[Function]}
                                onResponderRelease={[Function]}
                                onResponderTerminate={[Function]}
                                onResponderTerminationRequest={[Function]}
                                onStartShouldSetResponder={[Function]}
                                style={
                                  {
                                    "opacity": 1,
                                  }
                                }
                              >
                                <Text
                                  style={
                                    [
                                      {
                                        "color": "#fff",
                                      },
                                      {
                                        "fontWeight": "600",
                                      },
                                    ]
                                  }
                                >
                                   Log In
                                </Text>
                              </View>
                            </View>
                          </View>
                        </View>
                      </RCTSafeAreaView>
                    </View>
                  </View>
                </View>
              </View>
            </View>
          </View>
        </RNSScreen>
      </RNSScreenContainer>
      <View
        collapsable={false}
        pointerEvents="box-none"
        style={
          {
            "height": 44,
            "left": 0,
            "position": "absolute",
            "right": 0,
            "top": 0,
            "zIndex": 1,
          }
        }
      />
    </View>
  </RNCSafeAreaProvider>
</View>
`;
